// Jest Snapshot v1, https://goo.gl/fbAQLP

exports[`counter component should correspond to its snapshot counterpart 1`] = `
<section
  className="counter"
>
  Posts count: 
  24
</section>
`;
